// Jest Snapshot v1, https://goo.gl/fbAQLP

exports[`[LOGIN PAGE] functionality test Login functionality 1`] = `
<div
  className="container-fluid login__container"
  style={
    Object {
      "backgroundImage": "url(background-image.png)",
    }
  }
>
  <div
    className="row align-items-center w-100"
  >
    <div
      className="col-md-8"
    >
      <h1
        className="text-light ml-5"
        id="fadeInH1"
        style={
          Object {
            "display": "none",
          }
        }
      >
        NATIONAL DATABASE
      </h1>
    </div>
    <div
      className="col-md-4"
    >
      <div
        className="width-si-form"
        id="si-form"
        style={
          Object {
            "display": "none",
          }
        }
      >
        <img
          alt="Blue Star Sports"
          className="login__logo img-fluid"
          src="usafb-logo.png"
        />
        <p
          className="login__error-message"
        >
          
        </p>
        <div
          className="container"
        >
          <form
            className="input-group__form-container"
            onSubmit={[Function]}
          >
            <div
              className="row form-group"
            >
              <div
                className="col-md-12 input-group"
              >
                <label
                  className="login-page__input-label sr-only"
                  htmlFor="txtEmail"
                >
                  Email
                </label>
                <div
                  className="col input-wrapper"
                >
                  <span
                    aria-hidden={true}
                    className="fa fa-envelope fa-layer"
                  />
                  <input
                    className="form-control form-control-theme"
                    id="txtEmail"
                    onChange={[Function]}
                    placeholder="Email"
                    type="text"
                    value=""
                  />
                </div>
              </div>
            </div>
            <div
              className="row form-group"
            >
              <div
                className="col-md-12 input-group"
              >
                <label
                  className="login-page__input-label sr-only"
                  htmlFor="txtEmail"
                >
                  Password
                </label>
                <div
                  className="col input-wrapper"
                >
                  <span
                    aria-hidden={true}
                    className="fa fa-lock fa-layer"
                  />
                  <input
                    className="form-control form-control-theme"
                    id="txtEmail"
                    onChange={[Function]}
                    placeholder="Password"
                    type="password"
                    value=""
                  />
                </div>
              </div>
            </div>
            <div
              className="row form-group d-inline-flex"
            >
              <div
                className="col-md-12 input-group justify-content-center"
              >
                <label
                  className="form-check-label"
                  htmlFor="rememberMe"
                >
                  <span
                    className="checkbox-theme"
                  >
                    <input
                      className="form-check-input text-center"
                      id="rememberMe"
                      type="checkbox"
                    />
                    <small
                      className="text-white"
                    >
                      Remember Me
                    </small>
                  </span>
                </label>
                <a
                  className="text-white ml-5"
                >
                  <small>
                    Forgot Password?
                  </small>
                </a>
              </div>
            </div>
            <div
              className="row pt-0 pb-0"
            >
              <div
                className="col-md-12 pt-0 pb- text-center"
              >
                <button
                  className="btn btn-primary w-75 mr-auto ml-auto"
                  type="submit"
                >
                  Login
                </button>
              </div>
            </div>
          </form>
        </div>
      </div>
    </div>
  </div>
</div>
`;

exports[`[LOGIN PAGE] functionality test Login functionality 2`] = `
<div
  className="container-fluid login__container"
  style={
    Object {
      "backgroundImage": "url(background-image.png)",
    }
  }
>
  <div
    className="row align-items-center w-100"
  >
    <div
      className="col-md-8"
    >
      <h1
        className="text-light ml-5"
        id="fadeInH1"
        style={
          Object {
            "display": "none",
          }
        }
      >
        NATIONAL DATABASE
      </h1>
    </div>
    <div
      className="col-md-4"
    >
      <div
        className="width-si-form"
        id="si-form"
        style={
          Object {
            "display": "none",
          }
        }
      >
        <img
          alt="Blue Star Sports"
          className="login__logo img-fluid"
          src="usafb-logo.png"
        />
        <p
          className="login__error-message"
        >
          
        </p>
        <div
          className="container"
        >
          <form
            className="input-group__form-container"
            onSubmit={[Function]}
          >
            <div
              className="row form-group"
            >
              <div
                className="col-md-12 input-group"
              >
                <label
                  className="login-page__input-label sr-only"
                  htmlFor="txtEmail"
                >
                  Email
                </label>
                <div
                  className="col input-wrapper"
                >
                  <span
                    aria-hidden={true}
                    className="fa fa-envelope fa-layer"
                  />
                  <input
                    className="form-control form-control-theme"
                    id="txtEmail"
                    onChange={[Function]}
                    placeholder="Email"
                    type="text"
                    value=""
                  />
                </div>
              </div>
            </div>
            <div
              className="row form-group"
            >
              <div
                className="col-md-12 input-group"
              >
                <label
                  className="login-page__input-label sr-only"
                  htmlFor="txtEmail"
                >
                  Password
                </label>
                <div
                  className="col input-wrapper"
                >
                  <span
                    aria-hidden={true}
                    className="fa fa-lock fa-layer"
                  />
                  <input
                    className="form-control form-control-theme"
                    id="txtEmail"
                    onChange={[Function]}
                    placeholder="Password"
                    type="password"
                    value=""
                  />
                </div>
              </div>
            </div>
            <div
              className="row form-group d-inline-flex"
            >
              <div
                className="col-md-12 input-group justify-content-center"
              >
                <label
                  className="form-check-label"
                  htmlFor="rememberMe"
                >
                  <span
                    className="checkbox-theme"
                  >
                    <input
                      className="form-check-input text-center"
                      id="rememberMe"
                      type="checkbox"
                    />
                    <small
                      className="text-white"
                    >
                      Remember Me
                    </small>
                  </span>
                </label>
                <a
                  className="text-white ml-5"
                >
                  <small>
                    Forgot Password?
                  </small>
                </a>
              </div>
            </div>
            <div
              className="row pt-0 pb-0"
            >
              <div
                className="col-md-12 pt-0 pb- text-center"
              >
                <button
                  className="btn btn-primary w-75 mr-auto ml-auto"
                  type="submit"
                >
                  Login
                </button>
              </div>
            </div>
          </form>
        </div>
      </div>
    </div>
  </div>
</div>
`;

exports[`[LOGIN PAGE] functionality test Login functionality 3`] = `
<div
  className="container-fluid login__container"
  style={
    Object {
      "backgroundImage": "url(background-image.png)",
    }
  }
>
  <div
    className="row align-items-center w-100"
  >
    <div
      className="col-md-8"
    >
      <h1
        className="text-light ml-5"
        id="fadeInH1"
        style={
          Object {
            "display": "none",
          }
        }
      >
        NATIONAL DATABASE
      </h1>
    </div>
    <div
      className="col-md-4"
    >
      <div
        className="width-si-form"
        id="si-form"
        style={
          Object {
            "display": "none",
          }
        }
      >
        <img
          alt="Blue Star Sports"
          className="login__logo img-fluid"
          src="usafb-logo.png"
        />
        <p
          className="login__error-message"
        >
          
        </p>
        <div
          className="container"
        >
          <form
            className="input-group__form-container"
            onSubmit={[Function]}
          >
            <div
              className="row form-group"
            >
              <div
                className="col-md-12 input-group"
              >
                <label
                  className="login-page__input-label sr-only"
                  htmlFor="txtEmail"
                >
                  Email
                </label>
                <div
                  className="col input-wrapper"
                >
                  <span
                    aria-hidden={true}
                    className="fa fa-envelope fa-layer"
                  />
                  <input
                    className="form-control form-control-theme"
                    id="txtEmail"
                    onChange={[Function]}
                    placeholder="Email"
                    type="text"
                    value=""
                  />
                </div>
              </div>
            </div>
            <div
              className="row form-group"
            >
              <div
                className="col-md-12 input-group"
              >
                <label
                  className="login-page__input-label sr-only"
                  htmlFor="txtEmail"
                >
                  Password
                </label>
                <div
                  className="col input-wrapper"
                >
                  <span
                    aria-hidden={true}
                    className="fa fa-lock fa-layer"
                  />
                  <input
                    className="form-control form-control-theme"
                    id="txtEmail"
                    onChange={[Function]}
                    placeholder="Password"
                    type="password"
                    value=""
                  />
                </div>
              </div>
            </div>
            <div
              className="row form-group d-inline-flex"
            >
              <div
                className="col-md-12 input-group justify-content-center"
              >
                <label
                  className="form-check-label"
                  htmlFor="rememberMe"
                >
                  <span
                    className="checkbox-theme"
                  >
                    <input
                      className="form-check-input text-center"
                      id="rememberMe"
                      type="checkbox"
                    />
                    <small
                      className="text-white"
                    >
                      Remember Me
                    </small>
                  </span>
                </label>
                <a
                  className="text-white ml-5"
                >
                  <small>
                    Forgot Password?
                  </small>
                </a>
              </div>
            </div>
            <div
              className="row pt-0 pb-0"
            >
              <div
                className="col-md-12 pt-0 pb- text-center"
              >
                <button
                  className="btn btn-primary w-75 mr-auto ml-auto"
                  type="submit"
                >
                  Login
                </button>
              </div>
            </div>
          </form>
        </div>
      </div>
    </div>
  </div>
</div>
`;
